time="2025-11-08T22:34:01+01:00" level=warning msg="/home/root/webapp/n8n-deployment/docker-compose.yml: the attribute `version` is obsolete, it will be ignored, please remove it to avoid potential confusion"
 Network n8n-deployment_n8n-network  Creating
 Network n8n-deployment_n8n-network  Created
 Volume n8n-deployment_n8n_data  Creating
 Volume n8n-deployment_n8n_data  Created
 Container n8n-main  Creating
 Container n8n-main  Created
 Container n8n-worker-4  Creating
 Container n8n-worker-2  Creating
 Container n8n-worker-3  Creating
 Container n8n-worker-5  Creating
 Container n8n-worker-1  Creating
 Container n8n-worker-5  Created
 Container n8n-worker-4  Created
 Container n8n-worker-2  Created
 Container n8n-worker-3  Created
 Container n8n-worker-1  Created
 Container n8n-main  Starting
 Container n8n-main  Started
 Container n8n-worker-2  Starting
 Container n8n-worker-1  Starting
 Container n8n-worker-5  Starting
 Container n8n-worker-3  Starting
 Container n8n-worker-4  Starting
 Container n8n-worker-5  Started
 Container n8n-worker-3  Started
 Container n8n-worker-1  Started
 Container n8n-worker-4  Started
 Container n8n-worker-2  Started
